\BOOKMARK [1][-]{Doc-Start}{\376\377\004\037\004\100\004\065\004\064\004\063\004\076\004\062\004\076\004\100}{}% 1
\BOOKMARK [1][-]{Doc-Start}{\376\377\004\027\004\060\004\105\004\062\004\060\004\073\004\075\004\070\004\106\004\060}{}% 2
\BOOKMARK [1][-]{section.1}{\376\377\004\043\004\062\004\076\004\064}{}% 3
\BOOKMARK [2][-]{subsection.1.1}{\376\377\004\046\004\070\004\131\004\065\004\062\004\070\000\040\004\100\004\060\004\064\004\060\000\040\004\070\000\040\004\070\004\101\004\102\004\100\004\060\004\066\004\070\004\062\004\060\004\107\004\072\004\060\000\040\004\077\004\070\004\102\004\060\004\132\004\060}{section.1}% 4
\BOOKMARK [2][-]{subsection.1.2}{\376\377\004\024\004\076\004\077\004\100\004\070\004\075\004\076\004\101\000\040\004\100\004\060\004\064\004\060}{section.1}% 5
\BOOKMARK [2][-]{subsection.1.3}{\376\377\004\041\004\102\004\100\004\103\004\072\004\102\004\103\004\100\004\060\000\040\004\100\004\060\004\064\004\060}{section.1}% 6
\BOOKMARK [1][-]{section.2}{\376\377\004\037\004\100\004\065\004\063\004\073\004\065\004\064\000\040\004\073\004\070\004\102\004\065\004\100\004\060\004\102\004\103\004\100\004\065}{}% 7
\BOOKMARK [2][-]{subsection.2.1}{\376\377\004\043\004\107\004\065\004\132\004\065\000\040\004\070\004\074\004\070\004\102\004\060\004\106\004\070\004\130\004\060\004\074\004\060\000\040\004\070\000\040\004\072\004\073\004\076\004\075\004\070\004\100\004\060\004\132\004\065\000\040\004\077\004\076\004\075\004\060\004\110\004\060\004\132\004\060}{section.2}% 8
\BOOKMARK [2][-]{subsection.2.2}{\376\377\000A\000c\000t\000i\000o\000n\000\040\000C\000h\000u\000n\000k\000i\000n\000g\000\040\000w\000i\000t\000h\000\040\000T\000r\000a\000n\000s\000f\000o\000r\000m\000e\000r\000s\000\040\000\050\000A\000C\000T\000\051}{section.2}% 9
\BOOKMARK [2][-]{subsection.2.3}{\376\377\000D\000i\000f\000f\000u\000s\000i\000o\000n\000\040\000P\000o\000l\000i\000c\000y}{section.2}% 10
\BOOKMARK [2][-]{subsection.2.4}{\376\377\004\040\004\076\004\061\004\076\004\102\004\101\004\072\004\060\000\040\004\074\004\060\004\075\004\070\004\077\004\103\004\073\004\060\004\106\004\070\004\130\004\060\000\040\004\064\004\065\004\104\004\076\004\100\004\074\004\060\004\061\004\070\004\073\004\075\004\070\004\105\000\040\004\073\004\070\004\075\004\065\004\060\004\100\004\075\004\070\004\105\000\040\004\076\004\061\004\130\004\065\004\072\004\060\004\102\004\060}{section.2}% 11
\BOOKMARK [2][-]{subsection.2.5}{\376\377\004\041\004\070\004\075\004\102\004\065\004\067\004\060\000\040\004\077\004\100\004\065\004\063\004\073\004\065\004\064\004\060\000\040\004\070\000\040\004\077\004\076\004\067\004\070\004\106\004\070\004\076\004\075\004\070\004\100\004\060\004\132\004\065\000\040\004\100\004\060\004\064\004\060}{section.2}% 12
\BOOKMARK [1][-]{section.3}{\376\377\004\034\004\065\004\102\004\076\004\064\004\076\004\073\004\076\004\063\004\070\004\130\004\060}{}% 13
\BOOKMARK [2][-]{subsection.3.1}{\376\377\004\044\004\076\004\100\004\074\004\103\004\073\004\060\004\106\004\070\004\130\004\060\000\040\004\077\004\100\004\076\004\061\004\073\004\065\004\074\004\060}{section.3}% 14
\BOOKMARK [2][-]{subsection.3.2}{\376\377\004\030\004\074\004\077\004\073\004\065\004\074\004\065\004\075\004\102\004\060\004\106\004\070\004\130\004\060\000\040\000A\000C\000T\000\040\004\077\004\076\004\073\004\070\004\102\004\070\004\072\004\065}{section.3}% 15
\BOOKMARK [2][-]{subsection.3.3}{\376\377\004\030\004\074\004\077\004\073\004\065\004\074\004\065\004\075\004\102\004\060\004\106\004\070\004\130\004\060\000\040\004\064\004\070\004\104\004\103\004\067\004\070\004\076\004\075\004\065\000\040\004\077\004\076\004\073\004\070\004\102\004\070\004\072\004\065\000\040\000\050\000D\000i\000f\000f\000u\000s\000i\000o\000n\000\040\000P\000o\000l\000i\000c\000y\000\051}{section.3}% 16
\BOOKMARK [1][-]{section.4}{\376\377\004\025\004\072\004\101\004\077\004\065\004\100\004\070\004\074\004\065\004\075\004\102\004\060\004\073\004\075\004\060\000\040\004\077\004\076\004\101\004\102\004\060\004\062\004\060}{}% 17
\BOOKMARK [2][-]{subsection.4.1}{\376\377\004\041\004\070\004\074\004\103\004\073\004\060\004\106\004\070\004\076\004\075\004\076\000\040\004\076\004\072\004\100\004\103\004\066\004\065\004\132\004\065}{section.4}% 18
\BOOKMARK [2][-]{subsection.4.2}{\376\377\004\041\004\065\004\075\004\067\004\076\004\100\004\070\000,\000\040\004\076\004\077\004\101\004\065\004\100\004\062\004\060\004\106\004\070\004\130\004\065\000\040\004\070\000\040\004\060\004\072\004\106\004\070\004\130\004\065}{section.4}% 19
\BOOKMARK [2][-]{subsection.4.3}{\376\377\004\045\004\070\004\077\004\065\004\100\004\077\004\060\004\100\004\060\004\074\004\065\004\102\004\100\004\070\000\040\004\076\004\061\004\103\004\072\004\065}{section.4}% 20
\BOOKMARK [2][-]{subsection.4.4}{\376\377\004\037\004\100\004\076\004\102\004\076\004\072\004\076\004\073\000\040\004\065\004\062\004\060\004\073\004\103\004\060\004\106\004\070\004\130\004\065}{section.4}% 21
\BOOKMARK [2][-]{subsection.4.5}{\376\377\004\037\004\073\004\060\004\075\000\040\004\065\004\072\004\101\004\077\004\065\004\100\004\070\004\074\004\065\004\075\004\060\004\102\004\060}{section.4}% 22
\BOOKMARK [1][-]{section.5}{\376\377\004\040\004\065\004\067\004\103\004\073\004\102\004\060\004\102\004\070}{}% 23
\BOOKMARK [2][-]{subsection.5.1}{\376\377\004\032\004\100\004\070\004\062\004\065\000\040\004\103\004\107\004\065\004\132\004\060}{section.5}% 24
\BOOKMARK [2][-]{subsection.5.2}{\376\377\004\027\004\060\004\062\004\070\004\101\004\075\004\076\004\101\004\102\000\040\004\103\004\101\004\077\004\065\004\110\004\075\004\076\004\101\004\102\004\070\000\040\004\076\004\064\000\040\004\061\004\100\004\076\004\130\004\060\000\040\004\064\004\065\004\074\004\076\004\075\004\101\004\102\004\100\004\060\004\106\004\070\004\130\004\060\000\040\000\050\004\101\004\065\004\100\004\070\004\130\004\060\000\040\004\020\000\051}{section.5}% 25
\BOOKMARK [2][-]{subsection.5.3}{\376\377\004\037\004\076\004\100\004\065\004\122\004\065\004\132\004\065\000\040\000A\000C\000T\000\040\004\070\000\040\000D\000i\000f\000f\000u\000s\000i\000o\000n\000\040\000P\000o\000l\000i\000c\000y\000\040\000\050\004\101\004\065\004\100\004\070\004\130\004\060\000\040\004\021\000\051}{section.5}% 26
\BOOKMARK [2][-]{subsection.5.4}{\376\377\004\020\004\075\004\060\004\073\004\070\004\067\004\060\000\040\004\063\004\100\004\065\004\110\004\060\004\072\004\060\000\040\004\070\000\040\004\077\004\073\004\060\004\104\004\076\004\075\000\040\004\077\004\065\004\100\004\104\004\076\004\100\004\074\004\060\004\075\004\101\004\070\000\040\000\050\004\101\004\065\004\100\004\070\004\130\004\060\000\040\004\023\000\051}{section.5}% 27
\BOOKMARK [1][-]{section.6}{\376\377\004\024\004\070\004\101\004\072\004\103\004\101\004\070\004\130\004\060}{}% 28
\BOOKMARK [2][-]{subsection.6.1}{\376\377\004\042\004\103\004\074\004\060\004\107\004\065\004\132\004\065\000\040\004\100\004\065\004\067\004\103\004\073\004\102\004\060\004\102\004\060\000\040\004\103\000\040\004\076\004\064\004\075\004\076\004\101\004\103\000\040\004\075\004\060\000\040\004\106\004\070\004\131\004\065\004\062\004\065\000\040\004\100\004\060\004\064\004\060}{section.6}% 29
\BOOKMARK [2][-]{subsection.6.2}{\376\377\004\036\004\063\004\100\004\060\004\075\004\070\004\107\004\065\004\132\004\060}{section.6}% 30
\BOOKMARK [1][-]{section.7}{\376\377\004\027\004\060\004\072\004\131\004\103\004\107\004\060\004\072}{}% 31
\BOOKMARK [1][-]{section.7}{\376\377\004\041\004\077\004\070\004\101\004\060\004\072\000\040\004\101\004\073\004\070\004\072\004\060}{}% 32
\BOOKMARK [1][-]{section.7}{\376\377\004\041\004\077\004\070\004\101\004\060\004\072\000\040\004\102\004\060\004\061\004\065\004\073\004\060}{}% 33
\BOOKMARK [1][-]{section.7}{\376\377\004\033\004\070\004\102\004\065\004\100\004\060\004\102\004\103\004\100\004\060}{}% 34
